// Code generated by Netspective IGS. DO NOT EDIT.

export interface TransformJsonTestSimpleJson {
  readonly userId?: number; // Any text that can be converted to an integer value (guessed from 'user_id' row 0)
  readonly name?: string; // Any arbitrary text (guessed from 'name' row 0)
  readonly description?: unknown; // Unknown property (guessed from 'description' row 0, retries: 1)
  readonly type?: string; // Any arbitrary text (guessed from 'type' row 0)
  readonly sort?: number; // Any text that can be converted to an integer value (guessed from 'sort' row 0)
  readonly sortBy?: unknown; // Unknown property (guessed from 'sort_by' row 0, retries: 1)
  readonly sortOrder?: unknown; // Unknown property (guessed from 'sort_order' row 0, retries: 1)
  readonly viewMode?: string; // Any arbitrary text (guessed from 'view_mode' row 0)
  readonly thumbnail?: unknown; // Unknown property (guessed from 'thumbnail' row 0, retries: 1)
  readonly labels?: boolean; // Boolean value where 'yes', 'on', 'off', or '1' will be true, all others will be false  (guessed from 'labels' row 0')
  readonly highlighted?: boolean; // Boolean value where 'yes', 'on', 'off', or '1' will be true, all others will be false  (guessed from 'highlighted' row 0')
  readonly archived?: boolean; // Boolean value where 'yes', 'on', 'off', or '1' will be true, all others will be false  (guessed from 'archived' row 0')
  readonly lastAccessedAt?: string; // Any arbitrary text (guessed from 'last_accessed_at' row 0)
  readonly createdAt?: string; // Any arbitrary text (guessed from 'created_at' row 0)
  readonly updatedAt?: string; // Any arbitrary text (guessed from 'updated_at' row 0)
  readonly itemsTotalCount?: number; // Any text that can be converted to an integer value (guessed from 'items_total_count' row 0)
  readonly userName?: string; // Any arbitrary text (guessed from 'user_name' row 0)
  readonly username?: string; // Any arbitrary text (guessed from 'username' row 0)
  readonly userEmail?: string; // Any text that matches RegExp /^[A-za-z0-9._-]*@[A-za-z0-9_-]*\.[A-Za-z0-9.]*$/ (guessed from 'user_email' row 0)
  readonly userAvatar?: string; // Any text that matches RegExp /^https?:\/\/((([a-z]|[0-9]|[-._~])|%[0-9a-f][0-9a-f]|[!$&'()*+,;=]|:)*@)?(.... (guessed from 'user_avatar' row 0)
  readonly usersTotalCount?: number; // Any text that can be converted to an integer value (guessed from 'users_total_count' row 0)
  readonly isPasswordProtected?: boolean; // Boolean value where 'yes', 'on', 'off', or '1' will be true, all others will be false  (guessed from 'is_password_protected' row 0')
  readonly url?: string; // Any text that matches RegExp /^https?:\/\/((([a-z]|[0-9]|[-._~])|%[0-9a-f][0-9a-f]|[!$&'()*+,;=]|:)*@)?(.... (guessed from 'url' row 0)
  readonly shortUrl?: string; // Any text that matches RegExp /^https?:\/\/((([a-z]|[0-9]|[-._~])|%[0-9a-f][0-9a-f]|[!$&'()*+,;=]|:)*@)?(.... (guessed from 'short_url' row 0)
  readonly thumbnails?: {
    readonly mini?: string; // Any text that matches RegExp /^https?:\/\/((([a-z]|[0-9]|[-._~])|%[0-9a-f][0-9a-f]|[!$&'()*+,;=]|:)*@)?(.... (guessed from 'mini' row 0)
    readonly small?: string; // Any text that matches RegExp /^https?:\/\/((([a-z]|[0-9]|[-._~])|%[0-9a-f][0-9a-f]|[!$&'()*+,;=]|:)*@)?(.... (guessed from 'small' row 0)
    readonly cropped?: string; // Any text that matches RegExp /^https?:\/\/((([a-z]|[0-9]|[-._~])|%[0-9a-f][0-9a-f]|[!$&'()*+,;=]|:)*@)?(.... (guessed from 'cropped' row 0)
    readonly uncropped?: string; // Any text that matches RegExp /^https?:\/\/((([a-z]|[0-9]|[-._~])|%[0-9a-f][0-9a-f]|[!$&'()*+,;=]|:)*@)?(.... (guessed from 'uncropped' row 0)
    readonly large?: string; // Any text that matches RegExp /^https?:\/\/((([a-z]|[0-9]|[-._~])|%[0-9a-f][0-9a-f]|[!$&'()*+,;=]|:)*@)?(.... (guessed from 'large' row 0)
  }; // Object instance (guessed from 'thumbnails' row 0)
  readonly id?: number; // Any text that can be converted to an integer value (guessed from 'id' row 0)
  readonly items?: {
    readonly collectionId?: number; // Any text that can be converted to an integer value (guessed from 'collection_id' row 0)
    readonly userId?: number; // Any text that can be converted to an integer value (guessed from 'user_id' row 0)
    readonly parentId?: unknown; // Unknown property (guessed from 'parent_id' row 0, retries: 4)
    readonly name?: string; // Any arbitrary text (guessed from 'name' row 0)
    readonly description?: string; // Any arbitrary text (guessed from 'description' row 0)
    readonly content?: string; // Any text that matches RegExp /^https?:\/\/((([a-z]|[0-9]|[-._~])|%[0-9a-f][0-9a-f]|[!$&'()*+,;=]|:)*@)?(.... (guessed from 'content' row 0)
    readonly link?: string; // Any text that matches RegExp /^https?:\/\/((([a-z]|[0-9]|[-._~])|%[0-9a-f][0-9a-f]|[!$&'()*+,;=]|:)*@)?(.... (guessed from 'link' row 0)
    readonly preview?: unknown; // Unknown property (guessed from 'preview' row 0, retries: 4)
    readonly thumbnail?: string; // Any text that matches RegExp /^https?:\/\/((([a-z]|[0-9]|[-._~])|%[0-9a-f][0-9a-f]|[!$&'()*+,;=]|:)*@)?(.... (guessed from 'thumbnail' row 0)
    readonly shareable?: unknown; // Unknown property (guessed from 'shareable' row 0, retries: 4)
    readonly size?: number; // Any text that can be converted to an integer value (guessed from 'size' row 0)
    readonly sort?: number; // Any text that can be converted to an integer value (guessed from 'sort' row 0)
    readonly type?: string; // Any arbitrary text (guessed from 'type' row 0)
    readonly mime?: string; // Any arbitrary text (guessed from 'mime' row 0)
    readonly latitude?: unknown; // Unknown property (guessed from 'latitude' row 0, retries: 4)
    readonly longitude?: unknown; // Unknown property (guessed from 'longitude' row 0, retries: 4)
    readonly createdAt?: string; // Any arbitrary text (guessed from 'created_at' row 0)
    readonly updatedAt?: string; // Any arbitrary text (guessed from 'updated_at' row 0)
    readonly deletedAt?: unknown; // Unknown property (guessed from 'deleted_at' row 0, retries: 4)
    readonly reactionsTotalCount?: number; // Any text that can be converted to an integer value (guessed from 'reactions_total_count' row 0)
    readonly username?: string; // Any arbitrary text (guessed from 'username' row 0)
    readonly userName?: string; // Any arbitrary text (guessed from 'user_name' row 0)
    readonly userEmail?: string; // Any text that matches RegExp /^[A-za-z0-9._-]*@[A-za-z0-9_-]*\.[A-Za-z0-9.]*$/ (guessed from 'user_email' row 0)
    readonly userAvatar?: string; // Any text that matches RegExp /^https?:\/\/((([a-z]|[0-9]|[-._~])|%[0-9a-f][0-9a-f]|[!$&'()*+,;=]|:)*@)?(.... (guessed from 'user_avatar' row 0)
    readonly userPlan?: string; // Any arbitrary text (guessed from 'user_plan' row 0)
    readonly url?: string; // Any text that matches RegExp /^https?:\/\/((([a-z]|[0-9]|[-._~])|%[0-9a-f][0-9a-f]|[!$&'()*+,;=]|:)*@)?(.... (guessed from 'url' row 0)
    readonly shortUrl?: string; // Any text that matches RegExp /^https?:\/\/((([a-z]|[0-9]|[-._~])|%[0-9a-f][0-9a-f]|[!$&'()*+,;=]|:)*@)?(.... (guessed from 'short_url' row 0)
    readonly thumbnails?: {
      readonly mini?: string; // Any text that matches RegExp /^https?:\/\/((([a-z]|[0-9]|[-._~])|%[0-9a-f][0-9a-f]|[!$&'()*+,;=]|:)*@)?(.... (guessed from 'mini' row 0)
      readonly small?: string; // Any text that matches RegExp /^https?:\/\/((([a-z]|[0-9]|[-._~])|%[0-9a-f][0-9a-f]|[!$&'()*+,;=]|:)*@)?(.... (guessed from 'small' row 0)
      readonly cropped?: string; // Any text that matches RegExp /^https?:\/\/((([a-z]|[0-9]|[-._~])|%[0-9a-f][0-9a-f]|[!$&'()*+,;=]|:)*@)?(.... (guessed from 'cropped' row 0)
      readonly uncropped?: string; // Any text that matches RegExp /^https?:\/\/((([a-z]|[0-9]|[-._~])|%[0-9a-f][0-9a-f]|[!$&'()*+,;=]|:)*@)?(.... (guessed from 'uncropped' row 0)
      readonly large?: string; // Any text that matches RegExp /^https?:\/\/((([a-z]|[0-9]|[-._~])|%[0-9a-f][0-9a-f]|[!$&'()*+,;=]|:)*@)?(.... (guessed from 'large' row 0)
    }; // Object instance (guessed from 'thumbnails' row 0)
    readonly reactions?: unknown[]; // Unknown property (guessed from 'reactions' row 0, retries: 4)
    readonly isUrl?: boolean; // Boolean value where 'yes', 'on', 'off', or '1' will be true, all others will be false  (guessed from 'is_url' row 0')
    readonly tags?: {
      readonly id?: number; // Any text that can be converted to an integer value (guessed from 'id' row 0)
      readonly name?: string; // Any arbitrary text (guessed from 'name' row 0)
    }[]; // Object instance (guessed from 'tags' row 0)
    readonly id?: number; // Any text that can be converted to an integer value (guessed from 'id' row 0)
    readonly comments?: unknown[]; // Unknown property (guessed from 'comments' row 0, retries: 4)
    readonly metadata?: unknown[]; // Unknown property (guessed from 'metadata' row 0, retries: 4)
  }[]; // Object instance (guessed from 'items' row 0)
}

export const transformJsonTestSimpleJson: TransformJsonTestSimpleJson = {
  userId: 353731,
  name: "dropmark.test.lectio.cc",
  type: "public",
  sort: 18,
  viewMode: "tile",
  labels: true,
  highlighted: false,
  archived: false,
  lastAccessedAt: "2020-07-18 20:19:42 UTC",
  createdAt: "2019-03-28 17:45:20 UTC",
  updatedAt: "2019-03-28 17:45:20 UTC",
  itemsTotalCount: 4,
  userName: "Shahid Shah",
  username: "shah",
  userEmail: "shahid@shah.org",
  userAvatar:
    "https://gravatar.com/avatar/3962189473d062fdc76ce9a07cbe89fd?s=120&d=https%3A%2F%2Fapi.dropmark.com%2Fv1%2Favatars%2F353731%2F1a6492946969dfde2db2f4cf7443aae9.png",
  usersTotalCount: 1,
  isPasswordProtected: false,
  url: "https://shah.dropmark.com/652682",
  shortUrl: "https://drp.mk/nmtCBvrSx",
  thumbnails: {
    mini:
      "https://webimg.dropmark.com/G-LMYfnvGUKCpH4UxmF8RxBeF5k=/mini/web/aHR0cHM6Ly93d3cuZXhwcmVzc25ld3MuY29tL2J1c2luZXNzL2FydGljbGUvVW5pdmVyc2l0eS1IZWFsdGhjYXJlLVN5c3RlbS10by1pbnZlc3QtMTcwLTEzNzI5NjYwLnBocA.jpg",
    small:
      "https://webimg.dropmark.com/a8cRVnyiL3L4xWay1GHpNxkZUD8=/small/web/aHR0cHM6Ly93d3cuZXhwcmVzc25ld3MuY29tL2J1c2luZXNzL2FydGljbGUvVW5pdmVyc2l0eS1IZWFsdGhjYXJlLVN5c3RlbS10by1pbnZlc3QtMTcwLTEzNzI5NjYwLnBocA.jpg",
    cropped:
      "https://webimg.dropmark.com/_besC1pwQbZTT5peL1qmIM16S_o=/cropped/web/aHR0cHM6Ly93d3cuZXhwcmVzc25ld3MuY29tL2J1c2luZXNzL2FydGljbGUvVW5pdmVyc2l0eS1IZWFsdGhjYXJlLVN5c3RlbS10by1pbnZlc3QtMTcwLTEzNzI5NjYwLnBocA.jpg",
    uncropped:
      "https://webimg.dropmark.com/q4YJNsNvwfYkrr-ejUdp7zeFlKE=/uncropped/web/aHR0cHM6Ly93d3cuZXhwcmVzc25ld3MuY29tL2J1c2luZXNzL2FydGljbGUvVW5pdmVyc2l0eS1IZWFsdGhjYXJlLVN5c3RlbS10by1pbnZlc3QtMTcwLTEzNzI5NjYwLnBocA.jpg",
    large:
      "https://webimg.dropmark.com/8n4hd9sqrdFv_PDJk21xRXQ4Glc=/fit-in/600x600/top/filters:dpr(2):quality(30):frames(0):square()/web/aHR0cHM6Ly93d3cuZXhwcmVzc25ld3MuY29tL2J1c2luZXNzL2FydGljbGUvVW5pdmVyc2l0eS1IZWFsdGhjYXJlLVN5c3RlbS10by1pbnZlc3QtMTcwLTEzNzI5NjYwLnBocA.jpg"
  },
  id: 652682,
  items: [
    {
      collectionId: 652682,
      userId: 353731,
      name:
        "University Health System to invest $170 million in new medical record technology",
      description:
        "---\ndescription: Bexar County’s public hospital district is spending $170 million to update its health information technology — an investment that administrators say could save the system millions of dollars and improve patient care.\n---\n<p>Bexar County’s public hospital district is spending $170 million to update its health information technology — an investment that administrators say could save the system millions of dollars and improve patient care.</p> <p>University Health System relies on its computer software for everything from billing to ordering lab tests to keeping accurate patient records.</p> <p>The brand-new electronic health record (EHR) system developed by Epic Systems Corp. is being deployed over a three-year period. It promises to help the public hospital run more efficiently, increase patient safety — for example, it checks a patient’s medication list for adverse drug interactions — and improve patients’ experience, allowing them to message their doctor with questions on their smartphone.</p> <p>Epic Systems already handles patient records for 72 percent of Americans, and most medical schools are teaching its students on its system.</p> <p>UHS, a $1.8-billion agency in the South Texas Medical Center and the teaching hospital for UT Health San Antonio, which is already using Epic.</p> <p>The new patient record system should be fully implemented by May 2020, said hospital administrator Bill Phillips. He estimates the reduction in the number of current applications alone will save $12 million annually</p> <p>.</p> <p>UT Health San Antonio, which relies on University as its teaching hospital, already uses Epic.</p> <p>UHS, an $1.8-billion agency located in the South Texas Medical Center, is moving off of an outdated EHR system that periodically requires 24 hours of downtime for updates.</p> <p>Phillips, who has been working at University for more than 30 years, said the hospital was an early adopter of electronic health records. The...</p>",
      content:
        "https://www.expressnews.com/business/article/University-Healthcare-System-to-invest-170-13729660.php",
      link:
        "https://www.expressnews.com/business/article/University-Healthcare-System-to-invest-170-13729660.php",
      thumbnail:
        "https://cdn2.dropmarkusercontent.com/353731/94ff7c7d306009695dbd47f61a99b48234927161d26fc4baa7570f6183d4f618/thumbnail/rawImage.jpg?Expires=1595107186&Signature=Avkw1W37I0vqs4B1TtrOzVLw8fc8fAbtE2KyChqEv1BMKtFvd24pttESVfRhfN-YRZX2DUb1iNEpZ38V78dDtezOcu4OXe3eL6NWVgIi4c0Z4~EjuTr6Hio5lx1RjV3ysNEoXxBAmLaBSOdz5BIYvgceE9NPaJt8NGfXEyVkLtgnm-asdKUOpP37SHKIXSXquiRLCUzw-db2qG2NRA6a5yflSGWtABMm~HA-OZSwuTGJqur4Eorw8kyLC43pU9PnBNK0R2-bPL4W7osSuiN2MZ~tg-ggzDa-jKsxHVGmZwmZQwW~2OnMUXc7UUyI0nfWq8Df11QAxw1Cu0hegshkRw__&Key-Pair-Id=APKAITQYWVEN757ZA4KQ",
      size: 0,
      sort: 4,
      type: "link",
      mime: "url",
      createdAt: "2019-04-02 02:35:11 UTC",
      updatedAt: "2019-04-02 02:35:11 UTC",
      reactionsTotalCount: 0,
      username: "shah",
      userName: "Shahid Shah",
      userEmail: "shahid@shah.org",
      userAvatar:
        "https://gravatar.com/avatar/3962189473d062fdc76ce9a07cbe89fd?s=120&d=https%3A%2F%2Fapi.dropmark.com%2Fv1%2Favatars%2F353731%2F1a6492946969dfde2db2f4cf7443aae9.png",
      userPlan: "pro",
      url: "https://shah.dropmark.com/652682/18354294",
      shortUrl: "https://drp.mk/i/Xs1v47KZN",
      thumbnails: {
        mini:
          "https://img.dropmark.com/InZ2jnoE5GxDs49uZgiAM5JKKko=/mini/cdn2/353731/94ff7c7d306009695dbd47f61a99b48234927161d26fc4baa7570f6183d4f618/thumbnail/rawImage.jpg",
        small:
          "https://img.dropmark.com/7yLA2bQxhJeKPCPFNqaCynhxKb4=/small/cdn2/353731/94ff7c7d306009695dbd47f61a99b48234927161d26fc4baa7570f6183d4f618/thumbnail/rawImage.jpg",
        cropped:
          "https://img.dropmark.com/FPrkELmB131j9h3rEchCVnnv6_U=/cropped/cdn2/353731/94ff7c7d306009695dbd47f61a99b48234927161d26fc4baa7570f6183d4f618/thumbnail/rawImage.jpg",
        uncropped:
          "https://img.dropmark.com/l7gumKodBMrycjH6B9E_ejZmBVk=/uncropped/cdn2/353731/94ff7c7d306009695dbd47f61a99b48234927161d26fc4baa7570f6183d4f618/thumbnail/rawImage.jpg",
        large:
          "https://img.dropmark.com/dazXc5SKPfMrjvaf8yjGdX6FJDg=/large/cdn2/353731/94ff7c7d306009695dbd47f61a99b48234927161d26fc4baa7570f6183d4f618/thumbnail/rawImage.jpg"
      },
      isUrl: true,
      id: 18354294
    },
    {
      collectionId: 652682,
      userId: 353731,
      name: "Demystifying cybersecurity insurance | Deloitte Insights",
      description:
        "​Organizations continue to invest heavily in cybersecurity efforts to safeguard themselves against threats, but far fewer have signed on for cyber insurance to protect their firms afteran attack. Why not? What roadblocks exist, and what steps could the industry take to help clear them?",
      content:
        "https://www2.deloitte.com/insights/us/en/industry/financial-services/demystifying-cybersecurity-insurance.html",
      link:
        "https://www2.deloitte.com/insights/us/en/industry/financial-services/demystifying-cybersecurity-insurance.html",
      thumbnail:
        "https://cdn2.dropmarkusercontent.com/353731/82ef3c222ae3c7a40e3175d1f13c151dbf82c3e06ea7c2e31e8dc0f7ea61268d/thumbnail/cq5dam.web.1440.660.jpeg?Expires=1595107186&Signature=OQ2AUF4kNXLDlt8lm658s3jm1a9c66Ds~WrWYxCKFqRzl7TwPJTc2W4nwuv8Swz9QEzdf5h-ockKkNoSC7F7aWT5D0yFkhCAZnnRS7pFBU2SK660Wj7~BmEAk7Fb~1xb6QS7ICdI27tyFBpqYJYD9QPwpjFadnt2RHeyXt8NWq0oScaPva-mVQSfi1jwacmgnn~MoWykfqtqRytdeYkqtF7xedh8JzsXPrHcewhcENbdhUmstbdPDEvGK6xwQIB-BrrSZloPWtW5qn~pvYNT9wv6lIx9~8u2YHeUiHn9TswsRnvtaoaqtp8ca9QTU9S6Me5hsVFT6Ob9~4jY7UwZYA__&Key-Pair-Id=APKAITQYWVEN757ZA4KQ",
      size: 0,
      sort: 3,
      type: "link",
      mime: "url",
      createdAt: "2019-03-28 18:52:33 UTC",
      updatedAt: "2019-03-28 18:52:33 UTC",
      reactionsTotalCount: 0,
      username: "shah",
      userName: "Shahid Shah",
      userEmail: "shahid@shah.org",
      userAvatar:
        "https://gravatar.com/avatar/3962189473d062fdc76ce9a07cbe89fd?s=120&d=https%3A%2F%2Fapi.dropmark.com%2Fv1%2Favatars%2F353731%2F1a6492946969dfde2db2f4cf7443aae9.png",
      userPlan: "pro",
      url: "https://shah.dropmark.com/652682/18330789",
      shortUrl: "https://drp.mk/i/1TtgsgLDgr",
      thumbnails: {
        mini:
          "https://img.dropmark.com/fUEFpISIv4siAtJN5-ModGQUr_U=/mini/cdn2/353731/82ef3c222ae3c7a40e3175d1f13c151dbf82c3e06ea7c2e31e8dc0f7ea61268d/thumbnail/cq5dam.web.1440.660.jpeg",
        small:
          "https://img.dropmark.com/BdobcZzv_KM33zsx9NEAUmJHpLs=/small/cdn2/353731/82ef3c222ae3c7a40e3175d1f13c151dbf82c3e06ea7c2e31e8dc0f7ea61268d/thumbnail/cq5dam.web.1440.660.jpeg",
        cropped:
          "https://img.dropmark.com/5wjHcL-3TDex7bmyZdQhAWAc7JQ=/cropped/cdn2/353731/82ef3c222ae3c7a40e3175d1f13c151dbf82c3e06ea7c2e31e8dc0f7ea61268d/thumbnail/cq5dam.web.1440.660.jpeg",
        uncropped:
          "https://img.dropmark.com/LR_Fk9Pg30tuxrfTqz_i7FGa-y8=/uncropped/cdn2/353731/82ef3c222ae3c7a40e3175d1f13c151dbf82c3e06ea7c2e31e8dc0f7ea61268d/thumbnail/cq5dam.web.1440.660.jpeg",
        large:
          "https://img.dropmark.com/6jptYlvb8S16tqz9lQkEV1_he4g=/large/cdn2/353731/82ef3c222ae3c7a40e3175d1f13c151dbf82c3e06ea7c2e31e8dc0f7ea61268d/thumbnail/cq5dam.web.1440.660.jpeg"
      },
      isUrl: true,
      tags: [{ id: 4225733, name: "cybersecurity" }],
      id: 18330789
    },
    {
      collectionId: 652682,
      userId: 353731,
      name: "Cybersecurity As A Competitive Differentiator For Medical Devices",
      description:
        "In 2013, the Food and Drug Administration (FDA) issued its first cybersecurity safety communication, followed in 2014 by final guidance. While it took the agency much longer to focus on cybersecurity than many of us would have liked, I think it struck a reasonable balance between new regulations (almost none) and guidance (in the form of nonbinding recommendations).",
      content:
        "https://www.meddeviceonline.com/doc/cybersecurity-as-a-competitive-differentiator-for-medical-devices-0001",
      link:
        "https://www.meddeviceonline.com/doc/cybersecurity-as-a-competitive-differentiator-for-medical-devices-0001",
      thumbnail:
        "https://cdn2.dropmarkusercontent.com/353731/11249622e4200570b44074f8a36d3eae3853f9c5e1741d4b1f4b553f60f39753/thumbnail/375_250-big_data_digital_health_medtech_design_450x300.jpg?Expires=1595107186&Signature=Cneq6Pyg~rzHZY5BXs6IFHfNpN0d3E1JgnpUZfP2DmWW3aCDYMPoagOz---91Etbphkgp8FBtsMzRRdzqOyA-lkC1jRhqzFfLQUG5XAeZV4DWft8yhW7JsTrAIN-dtMDot4CoHDdDZnUJs6sA7TufSE-2IZwVGcATggkorH9fxYOWzwOHSwcLPFOZHUqMhzBwKRwZsRlN9fDRNHXF9hhzf647GSDLbeXlme2ybDry~fZxZJxq-bQmZFP5Z4eMcgEg7pGAsDvAV9AZf3XNkMeVeYEYjmFQ9yxC0BUpGOaF0WS4HtjuO18MlKGPEN4yCwnII8b0BNIxYWj3E0M-w3-WA__&Key-Pair-Id=APKAITQYWVEN757ZA4KQ",
      size: 0,
      sort: 2,
      type: "link",
      mime: "url",
      createdAt: "2019-03-28 18:22:14 UTC",
      updatedAt: "2019-03-28 18:25:02 UTC",
      reactionsTotalCount: 0,
      username: "shah",
      userName: "Shahid Shah",
      userEmail: "shahid@shah.org",
      userAvatar:
        "https://gravatar.com/avatar/3962189473d062fdc76ce9a07cbe89fd?s=120&d=https%3A%2F%2Fapi.dropmark.com%2Fv1%2Favatars%2F353731%2F1a6492946969dfde2db2f4cf7443aae9.png",
      userPlan: "pro",
      url: "https://shah.dropmark.com/652682/18330596",
      shortUrl: "https://drp.mk/i/2Sz6z4sMQ",
      thumbnails: {
        mini:
          "https://img.dropmark.com/hs0OK85s0pdDgrXBHblKzUJNl8g=/mini/cdn2/353731/11249622e4200570b44074f8a36d3eae3853f9c5e1741d4b1f4b553f60f39753/thumbnail/375_250-big_data_digital_health_medtech_design_450x300.jpg",
        small:
          "https://img.dropmark.com/KdYS7do73CfX11c074R5pdLhCLY=/small/cdn2/353731/11249622e4200570b44074f8a36d3eae3853f9c5e1741d4b1f4b553f60f39753/thumbnail/375_250-big_data_digital_health_medtech_design_450x300.jpg",
        cropped:
          "https://img.dropmark.com/IJQRwNKbIYicTqEA_RXGnFlHwZU=/cropped/cdn2/353731/11249622e4200570b44074f8a36d3eae3853f9c5e1741d4b1f4b553f60f39753/thumbnail/375_250-big_data_digital_health_medtech_design_450x300.jpg",
        uncropped:
          "https://img.dropmark.com/h_0QT0aQMKwlV4sYGbKghweyODM=/uncropped/cdn2/353731/11249622e4200570b44074f8a36d3eae3853f9c5e1741d4b1f4b553f60f39753/thumbnail/375_250-big_data_digital_health_medtech_design_450x300.jpg",
        large:
          "https://img.dropmark.com/qoz-m4EbQgv9eUnEOLsdqIw9l3o=/large/cdn2/353731/11249622e4200570b44074f8a36d3eae3853f9c5e1741d4b1f4b553f60f39753/thumbnail/375_250-big_data_digital_health_medtech_design_450x300.jpg"
      },
      isUrl: true,
      tags: [{ id: 4225732, name: "cybersecurity" }],
      id: 18330596
    },
    {
      collectionId: 652682,
      userId: 353731,
      name: "Signify Research HIMSS 2019 Show Report (PDF)",
      description:
        "Signify Research’s key takeaways from the world leading event which brings together 40,000+ health IT professionals, clinicians, executives and vendors from around the world.\n\nTopics covered:\n* Addressing Physician Burnout - AI, Context-aware and NLP Innovation\n* PHM Vendors Pivoting Torwards New Revenue Streams\n* HIMSS 2019: Enterprise Imaging Gears Up For Next Stage of Maturity\n* HIMSS Agrees - 2019 Will Be a Big Year for Telehealth",
      content:
        "https://s3-eu-west-2.amazonaws.com/signifyresearch/app/uploads/2019/02/21132405/Signify-Research-HIMSS-2019-Show-Report2.pdf",
      link:
        "https://s3-eu-west-2.amazonaws.com/signifyresearch/app/uploads/2019/02/21132405/Signify-Research-HIMSS-2019-Show-Report2.pdf",
      size: 0,
      sort: 1,
      type: "other",
      mime: "application/pdf",
      createdAt: "2019-03-28 18:01:58 UTC",
      updatedAt: "2019-03-28 18:01:58 UTC",
      reactionsTotalCount: 0,
      username: "shah",
      userName: "Shahid Shah",
      userEmail: "shahid@shah.org",
      userAvatar:
        "https://gravatar.com/avatar/3962189473d062fdc76ce9a07cbe89fd?s=120&d=https%3A%2F%2Fapi.dropmark.com%2Fv1%2Favatars%2F353731%2F1a6492946969dfde2db2f4cf7443aae9.png",
      userPlan: "pro",
      url: "https://shah.dropmark.com/652682/18330531",
      shortUrl: "https://drp.mk/i/QwWSkH5jfG",
      isUrl: true,
      id: 18330531
    }
  ]
};
